<!DOCTYPE html>

<html lang="en" xmlns="http://www.w3.org/1999/xhtml">
<head>
    <meta charset="utf-8" />
    <title>Expressions</title>
    <link href="../../style/style.css" rel="stylesheet" type="text/css" />
</head>
<body>
    <h1>1.3.6 Expressions</h1>
	
	<p>
		A minilang primary expression is either a literal, identifier or a parenthesized expression.
	</p>
	
    <ref file="ref/primary_expr.grammar"/>
	
	<p>
		I have added a syntax tree node class for unary nodes and for parenthesized expressions.
	</p>
	
	<ref file="ref/primary_expr.ast.ixx.div"/>
	
	<p>
		When a rule used by a parser is defined in another parser,
		a <a href="../../syntax/parser.html#using-statement">using</a> statement
		is required to import the rule. A module import is also needed for the used parser.
	</p>
	
	<ref file="ref/primary_expr.parser.div"/>
</body>
</html>
