<!DOCTYPE html>

<html lang="en" xmlns="http://www.w3.org/1999/xhtml">
<head>
    <meta charset="utf-8" />
    <title>Main Function</title>
    <link href="../../style/style.css" rel="stylesheet" type="text/css" />
</head>
  <body>
    <h1>1.3.10 Main Function</h1>
	
	<p>
		I have created the following main function for testing the parser:
    </p>
	
	<ref file="ref/main.cpp.div"/>
  </body>
</html>
