<!DOCTYPE html>

<html lang="en" xmlns="http://www.w3.org/1999/xhtml">
<head>
    <meta charset="utf-8" />
    <title>Statements</title>
    <link href="../../style/style.css" rel="stylesheet" type="text/css" />
</head>
<body>
    <h1>1.3.7 Statements</h1>

	<p>
		The rules for minilang statements contain sequential, optional and repeating elements.
	</p>
	
    <ref file="ref/statement.grammar"/>
	
	<p>
		The <span class="rule">Statement</span> rule delegates parsing to other rules.
	</p>
	
	<ref file="ref/statement.parser.statement.rule.div"/>
	
	<p>
		In the <span class="rule">IfStatement</span> rule there are elements with a postfix <span class="mono">!</span> operator. 
		They are elements that are mandatory, in other words are expected to be present unconditionally after seeing the <span class="kw">if</span> token. 
		If not, an immediate error is generated for them.
	</p>
	
	<p>
		The <span class="kw">else</span>-part of the <span class="kw">if</span>-statement is optional. This denoted by the question mark.
	</p>
	
	<ref file="ref/statement.parser.if.rule.div"/>
	
	<p>
		The <span class="kw">var</span> keyword is used for declaring local variables for a rule.
	</p>
	
	<p>
		Zero or more occurrences of an expression is denoted by the kleene-star symbol <span class="mono">*</span>.
	</p>
	
	<ref file="ref/compound.statement.rule.div"/>
</body>
</html>
